// Jest Snapshot v1, https://goo.gl/fbAQLP

exports[`ContactList renders 1`] = `
Array [
  <h1
    className="title is-2 mbmd"
  >
    Contacts utiles
  </h1>,
  <div
    className="ContactListCardContainer"
  >
    <article
      className="card"
    >
      <section
        className="image is-4by3 card-image"
      >
        <img
          alt="photo de contact"
          src="https://bulma.io/images/placeholders/1280x960.png"
        />
      </section>
      <section
        className="card-content"
      >
        <div
          className="media"
        >
          <div
            className="media-content"
          >
            <h1
              className="title is-5"
            >
              John Smith
            </h1>
          </div>
        </div>
        <h2
          className="subtitle is-6"
        >
          Descriptif de la personne et contacts réseaux / autres
        </h2>
        <p
          className="content"
        >
          Sunt magna duis proident in exercitation exercitation sit esse magna.
        </p>
      </section>
    </article>
    <article
      className="card"
    >
      <section
        className="image is-4by3 card-image"
      >
        <img
          alt="photo de contact"
          src="https://bulma.io/images/placeholders/1280x960.png"
        />
      </section>
      <section
        className="card-content"
      >
        <div
          className="media"
        >
          <div
            className="media-content"
          >
            <h1
              className="title is-5"
            >
              Gérard Martin
            </h1>
          </div>
        </div>
        <h2
          className="subtitle is-6"
        >
          Descriptif de la personne et contacts réseaux / autres
        </h2>
        <p
          className="content"
        >
          Proident adipisicing proident officia dolor mollit proident aliqua.
        </p>
      </section>
    </article>
    <article
      className="card"
    >
      <section
        className="image is-4by3 card-image"
      >
        <img
          alt="photo de contact"
          src="https://bulma.io/images/placeholders/1280x960.png"
        />
      </section>
      <section
        className="card-content"
      >
        <div
          className="media"
        >
          <div
            className="media-content"
          >
            <h1
              className="title is-5"
            >
              Sylvie Lafite
            </h1>
          </div>
        </div>
        <h2
          className="subtitle is-6"
        >
          Descriptif de la personne et contacts réseaux / autres
        </h2>
        <p
          className="content"
        >
          Qui eiusmod ut cupidatat elit veniam duis. Nisi quis sit deserunt reprehenderit veniam aute consectetur.
        </p>
      </section>
    </article>
  </div>,
]
`;
