// Jest Snapshot v1, https://goo.gl/fbAQLP

exports[`AdminHome component matches snapshot 1`] = `
Array [
  <h1
    className="title is-2 mbmd"
  >
    Bienvenue
  </h1>,
  <a
    className="button is-primary"
    href="/admin/promo/create"
  >
    Créer une promotion
  </a>,
  <a
    className="button is-primary"
    href="/admin/program/create"
  >
    Créer un programme
  </a>,
  <a
    className="button is-primary"
    href="/admin/user/create"
  >
    Créer un utilisateur
  </a>,
  <h2
    className="title is-4 mbmd"
  >
    Liste des promotions :
  </h2>,
  <ul
    className="promosContainer"
  />,
]
`;
