// Jest Snapshot v1, https://goo.gl/fbAQLP

exports[`StudentHome component matches snapshot 1`] = `
Array [
  <h1
    className="title is-2 mbmd"
  >
    Bienvenue
  </h1>,
  <section>
    <h1
      className="studentsHomeSectionTitle"
    >
      Promotion : 
    </h1>
  </section>,
  <section>
    <h1
      className="studentsHomeSectionTitle"
    >
      Eleves : 
    </h1>
  </section>,
  <section>
    <h1
      className="studentsHomeSectionTitle"
    >
      Programme : 
    </h1>
  </section>,
  <section>
    <h1
      className="studentsHomeSectionTitle"
    >
      Formateurs : 
    </h1>
  </section>,
]
`;
