// Jest Snapshot v1, https://goo.gl/fbAQLP

exports[`StudentHome component matches snapshot 1`] = `
Array [
  <h1
    className="title is-2 mbmd"
  >
    Bienvenue
  </h1>,
  <section
    className="studentHomeSection"
  >
    <h1
      className="studentsHomeSectionTitle"
    >
      Promotion : 
    </h1>
    <div>
      Titre :
       
    </div>
    <div>
      Début :
       
      <time
        dateTime={"2019-12-10T15:57:57.587Z"}
      >
        10/12/2019
      </time>
    </div>
    <div>
      Fin :
       
      <time
        dateTime={"2019-12-10T15:57:57.587Z"}
      >
        10/12/2019
      </time>
    </div>
    <div>
      Ville :
       
    </div>
  </section>,
  <section
    className="studentHomeSection"
  >
    <h1
      className="studentsHomeSectionTitle"
    >
      Eleves : 
    </h1>
  </section>,
  <section
    className="studentHomeSection"
  >
    <h1
      className="studentsHomeSectionTitle"
    >
      Programme :
       
    </h1>
    <div>
       
      <a
        className="detailsLink"
        href="/home/user/program/undefined"
      >
        détails...
      </a>
    </div>
  </section>,
  <section
    className="studentHomeSection"
  >
    <h1
      className="studentsHomeSectionTitle"
    >
      Formateurs : 
    </h1>
  </section>,
]
`;
