// Jest Snapshot v1, https://goo.gl/fbAQLP

exports[`PromoCreateContainer tests Should match the snapshot 1`] = `
<PromoCreateContainer>
  <PromoCreateStepOne
    handleChange={[Function]}
    handleMultiChange={[Function]}
    nextStep={[Function]}
    promo={
      Object {
        "city": "",
        "country": "",
        "endDate": "",
        "program": Array [],
        "startDate": "",
        "students": Array [],
        "teachers": Array [],
        "title": "",
      }
    }
    step={1}
  >
    <div
      className="promoCreateForm"
    >
      <article
        className="section box"
      >
        <h1
          className="title is-4 is-spaced"
        >
          Création d'une promo
        </h1>
        <BulmaSteps
          step={1}
        >
          <ul
            className="steps section has-content-centered"
          >
            <li
              className="steps-segment is-active"
            >
              <span
                className="steps-marker"
              >
                <p
                  className="is-size-4"
                >
                  1
                </p>
              </span>
              <div
                className="steps-content"
              />
            </li>
            <li
              className="steps-segment  "
            >
              <span
                className="steps-marker"
              >
                <p
                  className="is-size-4"
                >
                   
                </p>
              </span>
              <div
                className="steps-content"
              />
            </li>
            <li
              className="steps-segment  "
            >
              <span
                className="steps-marker"
              >
                <p
                  className="is-size-4"
                >
                   
                </p>
              </span>
              <div
                className="steps-content"
              />
            </li>
            <li
              className="steps-segment  "
            >
              <span
                className="steps-marker"
              >
                <p
                  className="is-size-4"
                >
                   
                </p>
              </span>
              <div
                className="steps-content"
              />
            </li>
            <li
              className="steps-segment  "
            >
              <span
                className="steps-marker"
              >
                <p
                  className="is-size-4"
                >
                   
                </p>
              </span>
              <div
                className="steps-content"
              />
            </li>
          </ul>
        </BulmaSteps>
        <section
          className="control"
        >
          <label
            className="label"
            htmlFor="promoName"
          >
            Nom de la promo:
            <input
              className="input "
              defaultValue=""
              id="promoName"
              name="title"
              onChange={[Function]}
              placeholder="Promo"
              type="text"
            />
          </label>
        </section>
        <section>
          <section
            className="control"
          >
            <span
              className="label"
            >
              Date de début: 
            </span>
            <DatePicker
              date=""
              defaultValue=""
              handleChange={[Function]}
              name="startDate"
            >
              <label
                htmlFor="startDate"
              >
                <input
                  defaultValue=""
                  id="startDate"
                  name="startDate"
                  onChange={[Function]}
                  type="date"
                />
              </label>
            </DatePicker>
          </section>
        </section>
        <section>
          <section
            className="control"
          >
            <span
              className="label"
            >
              Date de fin: 
            </span>
            <DatePicker
              date=""
              defaultValue=""
              handleChange={[Function]}
              name="endDate"
            >
              <label
                htmlFor="endDate"
              >
                <input
                  defaultValue=""
                  id="endDate"
                  name="endDate"
                  onChange={[Function]}
                  type="date"
                />
              </label>
            </DatePicker>
          </section>
        </section>
        <section
          className="field"
        >
          <label
            className="label"
            htmlFor="city"
          >
            Ville:
            <section
              className="field"
            >
              <input
                className="input"
                defaultValue=""
                id="city"
                name="city"
                onChange={[Function]}
                placeholder="Ville"
              />
            </section>
          </label>
        </section>
        <section
          className="field buttonField section"
        >
          <section
            className="control"
          >
            <button
              className="button is-danger"
              id="cancelButton"
              type="button"
            >
              Annuler
            </button>
          </section>
          <section
            className="control"
          >
            <button
              className="button is-link"
              id="resumeButton"
              onClick={[Function]}
              type="button"
            >
              Continuer
            </button>
          </section>
        </section>
      </article>
    </div>
  </PromoCreateStepOne>
</PromoCreateContainer>
`;
