// Jest Snapshot v1, https://goo.gl/fbAQLP

exports[`Component PromoData it renders correctly 1`] = `
<Fragment>
  <div
    className="container"
  >
    <div
      className="PromoDataHeader"
    >
      <div
        className="promoInfo"
      >
        <h1
          className="title is-1 promoTitle"
        >
          PARIS 2
        </h1>
        <h2
          className="subtitle is-3"
        >
          à 
          Paris
           du
           
          <t
            ago={false}
            calendar={false}
            decimal={false}
            element={null}
            filter={[Function]}
            format="DD/MM/YYYY"
            fromNow={false}
            interval={60000}
            local={false}
            onChange={[Function]}
            titleFormat=""
            toNow={false}
            unit={null}
            unix={false}
            utc={false}
            withTitle={false}
          >
            2020-10-19T00:00:00.000Z
          </t>
           au
           
          <t
            ago={false}
            calendar={false}
            decimal={false}
            element={null}
            filter={[Function]}
            format="DD/MM/YYYY"
            fromNow={false}
            interval={60000}
            local={false}
            onChange={[Function]}
            titleFormat=""
            toNow={false}
            unit={null}
            unix={false}
            utc={false}
            withTitle={false}
          >
            2027-01-20T00:00:00.000Z
          </t>
        </h2>
      </div>
    </div>
    <div
      className="container"
    >
      <div
        className="notification"
      >
        <h3
          className="title is-3"
        >
          Formateurs
        </h3>
        <ul
          className="promoTeachers"
        >
          <li
            key="teacher-1"
          >
            Joe McGinnis
          </li>
          <li
            key="teacher-2"
          >
            Jena McGenty
          </li>
        </ul>
      </div>
    </div>
    <div
      className="container"
    >
      <div
        className="notification"
      >
        <h3
          className="title is-3"
        >
          Elèves
        </h3>
        <ul
          className="promoStudents"
        >
          <li
            key="student-3"
          >
            Jena McGenty
          </li>
          <li
            key="student-4"
          >
            Jena McGenty
          </li>
        </ul>
      </div>
    </div>
    <div
      className="container"
    >
      <div
        className="notification"
      >
        <h3
          className="title is-3"
        >
          Programme
        </h3>
        <p>
          Consultant React
        </p>
        <a
          className="detailsLink"
          href="/program/1/details"
          title="Détails du programme"
        >
          détails...
        </a>
      </div>
    </div>
  </div>
</Fragment>
`;
